Attempting to load model from /glade/work/wchapman/PYSR_Julio/pysr_outputs/gwsrc_distill_data/checkpoint.pkl...
data: 34 equations
Attempting to load model from /glade/work/wchapman/PYSR_Julio/pysr_outputs/gwsrc_distill_tree/checkpoint.pkl...
tree: 36 equations
Attempting to load model from /glade/work/wchapman/PYSR_Julio/pysr_outputs/gwsrc_distill_mlp/checkpoint.pkl...
mlp: 33 equations

   run   best SH  best NH  mean SH cx>=25 mean NH cx>=25
  data    0.7040   0.7094          0.6976         0.6898
  tree    0.7047   0.7083          0.6984         0.6886
   mlp    0.7036   0.7076          0.6945         0.6916

matched complexities: 31
 cx |  data SH  tree SH   mlp SH |  data NH  tree NH   mlp NH
  1 |  -0.0000  -0.0000  -0.0000 |  -0.0000  -0.0000  -0.0000
  4 |   0.4002   0.4002   0.4002 |   0.5711   0.5711   0.5711
  5 |   0.4185   0.4185   0.4185 |   0.5988   0.5988   0.5988
  6 |   0.5425   0.5425   0.5425 |   0.6574   0.6574   0.6574
  7 |   0.5525   0.5525   0.5525 |   0.6168   0.6168   0.6168
  8 |   0.5552   0.5552   0.5552 |   0.6463   0.6463   0.6463
  9 |   0.5636   0.5636   0.5630 |   0.6466   0.6466   0.6466
 10 |   0.5655   0.5899   0.5899 |   0.6434   0.6694   0.6694
 11 |   0.6494   0.6494   0.6494 |   0.6718   0.6718   0.6718
 13 |   0.6611   0.6611   0.6611 |   0.6748   0.6748   0.6748
 14 |   0.6071   0.6070   0.6071 |   0.6799   0.6799   0.6799
 15 |   0.6796   0.6796   0.6796 |   0.6717   0.6717   0.6717
 16 |   0.6543   0.6647   0.6543 |   0.7001   0.6421   0.7001
 17 |   0.6781   0.6781   0.6781 |   0.6768   0.6768   0.6768
 18 |   0.6710   0.6710   0.6704 |   0.6758   0.6758   0.6756
 19 |   0.6725   0.6817   0.6790 |   0.6755   0.6648   0.6685
 20 |   0.6820   0.6818   0.6822 |   0.6605   0.6603   0.6605
 21 |   0.6798   0.6812   0.6788 |   0.6652   0.6642   0.6665
 22 |   0.6832   0.6832   0.6785 |   0.6801   0.6801   0.6871
 23 |   0.6809   0.6810   0.6795 |   0.6793   0.6669   0.6803
 24 |   0.6797   0.6846   0.6795 |   0.6911   0.6757   0.6916
 25 |   0.6977   0.6890   0.6801 |   0.6637   0.6836   0.6911
 26 |   0.6989   0.6950   0.6985 |   0.6821   0.6784   0.6826
 27 |   0.6967   0.6846   0.6958 |   0.6911   0.6813   0.6916
 28 |   0.6937   0.6991   0.6935 |   0.6820   0.6878   0.6828
 29 |   0.6969   0.6980   0.6973 |   0.6889   0.6891   0.6874
 31 |   0.6964   0.6896   0.6945 |   0.6859   0.7083   0.6873
 33 |   0.7018   0.7020   0.6956 |   0.6883   0.6880   0.6887
 34 |   0.7040   0.7040   0.7036 |   0.6902   0.6902   0.6999
 36 |   0.6958   0.7047   0.6910 |   0.7006   0.6842   0.7076
 39 |   0.6960   0.7036   0.6923 |   0.7094   0.6914   0.7050

paired mean difference vs the data control (n=31)
  tree:  dSH = +0.0013 +- 0.0011   dNH = -0.0023 +- 0.0025
   mlp:  dSH = -0.0004 +- 0.0011   dNH = +0.0023 +- 0.0013

identical equation to the control at matched cx: tree 1/31, mlp 2/31

wrote /glade/work/wchapman/PYSR_Julio/compare_distill.json
