device: cuda  NVIDIA H100 80GB HBM3
SH 4,259,021 samples   NH 4,544,059 samples

==============================================================================
trained on: sh
==============================================================================
    epoch   0  val 0.7516  lr 3.00e-03
  D,P only           n= 2  test r=0.5761 R2=0.3317   NH r=0.5945 R2=+0.1932 R2cal=+0.3535 (slope 0.87)   (19 epochs)
    epoch   0  val 0.6624  lr 3.00e-03
    epoch  20  val 0.6523  lr 2.92e-03
  tilt family        n= 5  test r=0.6402 R2=0.4057   NH r=0.7079 R2=+0.3230 R2cal=+0.5011 (slope 0.84)   (25 epochs)
    epoch   0  val 0.4958  lr 3.00e-03
    epoch  20  val 0.4697  lr 2.92e-03
  +winds,vorticity   n=10  test r=0.7715 R2=0.5925   NH r=0.5921 R2=-0.1606 R2cal=+0.3506 (slope 0.74)   (22 epochs)
    epoch   0  val 0.5021  lr 3.00e-03
    epoch  20  val 0.4489  lr 2.92e-03
  everything         n=15  test r=0.7817 R2=0.6090   NH r=0.5738 R2=-0.1026 R2cal=+0.3293 (slope 0.78)   (27 epochs)
    epoch   0  val 0.5408  lr 3.00e-03
    epoch  20  val 0.4990  lr 2.92e-03
  pysr eight         n= 8  test r=0.7575 R2=0.5720   NH r=0.5777 R2=-0.3204 R2cal=+0.3337 (slope 0.68)   (28 epochs)

==============================================================================
trained on: both
==============================================================================
    epoch   0  val 0.6522  lr 3.00e-03
  D,P only           n= 2  SH r=0.5721 R2=+0.3136   NH r=0.6516 R2=+0.4231 (slope 0.94)   (18 epochs)
    epoch   0  val 0.5827  lr 3.00e-03
  tilt family        n= 5  SH r=0.6353 R2=+0.3870   NH r=0.7077 R2=+0.4954 (slope 0.91)   (18 epochs)
    epoch   0  val 0.4835  lr 3.00e-03
    epoch  20  val 0.4581  lr 2.92e-03
  +winds,vorticity   n=10  SH r=0.7570 R2=+0.5619   NH r=0.7428 R2=+0.5447 (slope 0.91)   (28 epochs)
    epoch   0  val 0.4552  lr 3.00e-03
    epoch  20  val 0.4323  lr 2.92e-03
  everything         n=15  SH r=0.7748 R2=+0.5876   NH r=0.7606 R2=+0.5711 (slope 0.93)   (25 epochs)
    epoch   0  val 0.5182  lr 3.00e-03
    epoch  20  val 0.4959  lr 2.92e-03
  pysr eight         n= 8  SH r=0.7400 R2=+0.5270   NH r=0.7340 R2=+0.5345 (slope 0.92)   (22 epochs)

TRAINED ON SH ONLY (NH is a pure transfer test)
feature set          n    SH r    SH R2    NH r    NH R2  NH R2cal  NH slope
D,P only             2   0.576   +0.332   0.595   +0.193    +0.353      0.87
tilt family          5   0.640   +0.406   0.708   +0.323    +0.501      0.84
+winds,vorticity    10   0.771   +0.592   0.592   -0.161    +0.351      0.74
everything          15   0.782   +0.609   0.574   -0.103    +0.329      0.78
pysr eight           8   0.758   +0.572   0.578   -0.320    +0.334      0.68

TRAINED ON BOTH (NH is held-out times only)
feature set          n    SH r    SH R2    NH r    NH R2  NH R2cal  NH slope
D,P only             2   0.572   +0.314   0.652   +0.423    +0.425      0.94
tilt family          5   0.635   +0.387   0.708   +0.495    +0.501      0.91
+winds,vorticity    10   0.757   +0.562   0.743   +0.545    +0.552      0.91
everything          15   0.775   +0.588   0.761   +0.571    +0.578      0.93
pysr eight           8   0.740   +0.527   0.734   +0.534    +0.539      0.92
wrote /glade/work/wchapman/PYSR_Julio/nn_predictions.npz
wrote /glade/work/wchapman/PYSR_Julio/pysr_outputs/nn_reference.json
